working/help/bin/mips_simulator: 1: working/help/bin/mips_simulator: Syntax error: Unterminated quoted string
